Git Conflict Resolution Summary
==============================

Successfully resolved conflicts from cherry-picking commit 871e0dfa "feat: Add auto update functionality"

Files with Conflicts Resolved:
1. packages/cli/src/config/settings.ts
   - Merged both `defaultModel` (llxprt) and `disableAutoUpdate` (gemini-cli) settings

2. packages/cli/src/ui/App.tsx
   - Updated import to use UpdateObject type from updateCheck.js
   - Maintained @vybestack/llxprt-code-core imports

3. packages/cli/src/ui/App.test.tsx
   - Combined mock setups for both codebases
   - Updated package names from @google/gemini-cli to @vybestack/llxprt-code
   - Updated environment variables from GEMINI_CLI_* to LLXPRT_CLI_*

4. packages/cli/src/ui/utils/updateCheck.ts
   - Adopted upstream's update-notifier based implementation
   - Updated package name in update message to "LLxprt Code"
   - Fixed TypeScript type compatibility issues

5. packages/cli/src/ui/utils/updateCheck.test.ts
   - Updated tests to use update-notifier mocks instead of fetch mocks

Additional Updates:
- packages/cli/src/utils/installationInfo.ts: Updated all package references from @google/gemini-cli to @vybestack/llxprt-code
- packages/cli/src/gemini.tsx: Updated environment variable GEMINI_CLI_NO_RELAUNCH to LLXPRT_CLI_NO_RELAUNCH

All tests pass, linting succeeds, and type checking is clean.